Godot Engine v4.7.1.stable.steam.a13da4feb - https://godotengine.org

[   0% ] first_scan_filesystem | Started 项目初始化 (5 steps)
[   0% ] first_scan_filesystem | 正在扫描文件结构……
[  16% ] first_scan_filesystem | 正在加载全局类名……
[  33% ] first_scan_filesystem | 正在校验 GDExtension……
[  50% ] first_scan_filesystem | 正在创建自动加载脚本……
[  66% ] first_scan_filesystem | 正在初始化插件……
[  83% ] first_scan_filesystem | 正在启动文件扫描……
[ DONE ] first_scan_filesystem

[   0% ] update_scripts_classes | Started 正在注册全局类…… (2 steps)
[   0% ] update_scripts_classes | Building2D
[  33% ] update_scripts_classes | 
[ DONE ] update_scripts_classes

[   0% ] _update_scan_actions | Started 正在扫描动作…… (51 steps)
[   0% ] _update_scan_actions | fortifications_01.png
[   1% ] _update_scan_actions | fortifications_02.png
[   3% ] _update_scan_actions | fortifications_03.png
[   5% ] _update_scan_actions | fortifications_04.png
[   7% ] _update_scan_actions | fortifications_05.png
[   9% ] _update_scan_actions | fortifications_06.png
[  11% ] _update_scan_actions | fortifications_07.png
[  13% ] _update_scan_actions | fortifications_08.png
[  15% ] _update_scan_actions | fortifications_09.png
[  17% ] _update_scan_actions | fortifications_10.png
[  19% ] _update_scan_actions | fortifications_11.png
[  21% ] _update_scan_actions | fortifications_12.png
[  23% ] _update_scan_actions | fortifications_13.png
[  25% ] _update_scan_actions | fortifications_14.png
[  26% ] _update_scan_actions | fortifications_15.png
[  28% ] _update_scan_actions | fortifications_16.png
[  30% ] _update_scan_actions | infrastructure_01.png
[  32% ] _update_scan_actions | infrastructure_02.png
[  34% ] _update_scan_actions | infrastructure_03.png
[  36% ] _update_scan_actions | infrastructure_04.png
[  38% ] _update_scan_actions | infrastructure_05.png
[  40% ] _update_scan_actions | infrastructure_06.png
[  42% ] _update_scan_actions | infrastructure_07.png
[  44% ] _update_scan_actions | infrastructure_08.png
[  46% ] _update_scan_actions | infrastructure_09.png
[  48% ] _update_scan_actions | infrastructure_10.png
[  50% ] _update_scan_actions | infrastructure_11.png
[  51% ] _update_scan_actions | infrastructure_12.png
[  53% ] _update_scan_actions | infrastructure_13.png
[  55% ] _update_scan_actions | infrastructure_14.png
[  57% ] _update_scan_actions | infrastructure_15.png
[  59% ] _update_scan_actions | infrastructure_16.png
[  61% ] _update_scan_actions | outdoor_buildings_01.png
[  63% ] _update_scan_actions | outdoor_buildings_02.png
[  65% ] _update_scan_actions | outdoor_buildings_03.png
[  67% ] _update_scan_actions | outdoor_buildings_04.png
[  69% ] _update_scan_actions | outdoor_buildings_05.png
[  71% ] _update_scan_actions | outdoor_buildings_06.png
[  73% ] _update_scan_actions | outdoor_buildings_07.png
[  75% ] _update_scan_actions | outdoor_buildings_08.png
[  76% ] _update_scan_actions | outdoor_buildings_09.png
[  78% ] _update_scan_actions | outdoor_buildings_10.png
[  80% ] _update_scan_actions | outdoor_buildings_11.png
[  82% ] _update_scan_actions | outdoor_buildings_12.png
[  84% ] _update_scan_actions | outdoor_buildings_13.png
[  86% ] _update_scan_actions | outdoor_buildings_14.png
[  88% ] _update_scan_actions | outdoor_buildings_15.png
[  90% ] _update_scan_actions | outdoor_buildings_16.png
[  92% ] _update_scan_actions | fortifications_32.png
[  94% ] _update_scan_actions | infrastructure_32.png
[  96% ] _update_scan_actions | outdoor_buildings_32.png
[ DONE ] _update_scan_actions

[   0% ] loading_editor_layout | Started 正在加载编辑器 (5 steps)
[   0% ] loading_editor_layout | 正在加载编辑器布局……
[  16% ] loading_editor_layout | 正在加载停靠面板……
[  33% ] loading_editor_layout | 正在重新打开场景……
[  50% ] loading_editor_layout | 正在加载中央编辑器布局……
[  66% ] loading_editor_layout | 正在加载插件窗口布局……
[  83% ] loading_editor_layout | 编辑器布局就绪。
[ DONE ] loading_editor_layout

